// Jest Snapshot v1, https://goo.gl/fbAQLP

exports[`Pruebas en la Entrada del Diario debe de mostrar la entrada correctamente 1`] = `
<div class="entry-title d-flex justify-content-between p-2">
  <div><span class="text-success fs-3 fw-bold">Lunes  8</span><span class="mx-1 fs-3">Agosto</span><span class="mx-2 fs-4 fw-light">2022</span></div>
  <div><input type="file" accept="image/png, image/jpeg, image/jpg" style="display: none;"><button class="btn btn-danger mx-2"> Borrar <i class="fa fa-trash-alt"></i></button><button class="btn btn-primary"> Subir Foto <i class="fa fa-upload"></i></button></div>
</div>
<hr>
<div class="d-flex flex-column px-3 h-75"><textarea placeholder="¿Qué sucedio hoy?"></textarea></div>
<fab-stub icon="fa-save"></fab-stub>
<img src="https://res.cloudinary.com/dbsmm77sk/image/upload/v1659914939/curso_vue/imqz3ektplfjdt47yzvm.jpg" alt="Imagen entrada" class="img-thubnail">
<!--v-if-->
`;
