// Jest Snapshot v1, https://goo.gl/fbAQLP

exports[`Pruebas en el componente de Entrada Debe hacer match con el snapshot 1`] = `
<div class="entry-container mb-3 pointer p-2">
  <div class="entry-title d-flex"><span class="text-success fs-5 fw-bold">Lunes - 8</span><span class="mx-1 fs-5">Agosto</span><span class="mx-2 fw-ligth">2022</span></div>
  <div class="entry-description">Hola mundo desde mock data</div>
</div>
`;
