// Jest Snapshot v1, https://goo.gl/fbAQLP

exports[`Pruebas en el EntryList Debe llamar entradasPorTermino y sacar dos entradas 1`] = `
<div class="entry-list-container">
  <div class="px-2 pt-2"><input type="text" class="form-control" placeholder="Buscar Entrada"></div>
  <div class="mt-2 d-flex flex-column"><button class="btn btn-primary mx-3"><i class="fa fa-plus-circle"></i> Nueva entrada </button></div>
  <div class="entry-scrollarea">
    <entrada-stub entrada="[object Object]"></entrada-stub>
    <entrada-stub entrada="[object Object]"></entrada-stub>
  </div>
</div>
`;
