// Jest Snapshot v1, https://goo.gl/fbAQLP

exports[`Pruebas en el Home Vie Debe renderizar el componente correctamente 1`] = `
<div class="home"><img alt="Vue logo" src="">
  <h1> Hola mundo </h1><button class="btn btn-primary"> Primero </button><button class="btn btn-secondary"> Segundo </button><button class="btn btn-success"> Exito </button>
</div>
`;
